node.exe : [96msrc/admin/admin.service.ts[0m:[93m72[0m:[93m9[0m - [91merror[0m[90m TS2739: [0mType 'User[]' 
is missing the following properties from type 'PaginatedUsers': data, total, page, limit, totalPages
At line:1 char:1
+ & "C:\Program Files\nodejs/node.exe" "C:\Program Files\nodejs/node_mo ...
+ ~~~~~~~~~~~~~~~~~~~~~~~~~~~~~~~~~~~~~~~~~~~~~~~~~~~~~~~~~~~~~~~~~~~~~
    + CategoryInfo          : NotSpecified: ([96msrc/admin/...mit, totalPages:String) [], RemoteException
    + FullyQualifiedErrorId : NativeCommandError
 

[7m72[0m         return cachedData;
[7m  [0m [91m        ~~~~~~[0m
[96msrc/app.module.ts[0m:[93m32[0m:[93m37[0m - [91merror[0m[90m TS2307: [0mCannot find module 
'../../package/env-validation/env-validation.module' or its corresponding type declarations.

[7m32[0m import { EnvValidationModule } from '../../package/env-validation/env-validation.module';
[7m  [0m [91m                                    ~~~~~~~~~~~~~~~~~~~~~~~~~~~~~~~~~~~~~~~~~~~~~~~~~~~~[0m
[96msrc/avatar-upload/avatar-upload.service.ts[0m:[93m57[0m:[93m47[0m - [91merror[0m[90m TS2353: [0mObject 
literal may only specify known properties, and 'avatarUrl' does not exist in type 'UpdateUserDto'.

[7m57[0m     await this.usersService.update(user.id, { avatarUrl });
[7m  [0m [91m                                              ~~~~~~~~~[0m
[96msrc/cache/cache.module.ts[0m:[93m3[0m:[93m48[0m - [91merror[0m[90m TS2307: [0mCannot find module 
'@nestjs/cache-manager' or its corresponding type declarations.

[7m3[0m import { CacheModule as NestCacheModule } from '@nestjs/cache-manager';
[7m [0m [91m                                               ~~~~~~~~~~~~~~~~~~~~~~~[0m
[96msrc/cache/cache.module.ts[0m:[93m5[0m:[93m28[0m - [91merror[0m[90m TS2307: [0mCannot find module 
'cache-manager-redis-yet' or its corresponding type declarations.

[7m5[0m import { redisStore } from 'cache-manager-redis-yet';
[7m [0m [91m                           ~~~~~~~~~~~~~~~~~~~~~~~~~[0m
[96msrc/cache/carrier-cache.service.ts[0m:[93m3[0m:[93m31[0m - [91merror[0m[90m TS2307: [0mCannot find 
module '@nestjs/cache-manager' or its corresponding type declarations.

[7m3[0m import { CACHE_MANAGER } from '@nestjs/cache-manager';
[7m [0m [91m                              ~~~~~~~~~~~~~~~~~~~~~~~[0m
[96msrc/cache/carrier-cache.service.ts[0m:[93m4[0m:[93m23[0m - [91merror[0m[90m TS2307: [0mCannot find 
module 'cache-manager' or its corresponding type declarations.

[7m4[0m import { Cache } from 'cache-manager';
[7m [0m [91m                      ~~~~~~~~~~~~~~~[0m
[96msrc/route-calculator/route-calculator.controller.ts[0m:[93m26[0m:[93m34[0m - [91merror[0m[90m TS2339: 
[0mProperty 'weight' does not exist on type 'Shipment'.

[7m26[0m     const { origin, destination, weight } = shipment;
[7m  [0m [91m                                 ~~~~~~[0m
[96msrc/route-calculator/route-calculator.controller.ts[0m:[93m29[0m:[93m15[0m - [91merror[0m[90m TS2339: 
[0mProperty 'latitude' does not exist on type 'string'.

[7m29[0m       !origin.latitude ||
[7m  [0m [91m              ~~~~~~~~[0m
[96msrc/route-calculator/route-calculator.controller.ts[0m:[93m30[0m:[93m15[0m - [91merror[0m[90m TS2339: 
[0mProperty 'longitude' does not exist on type 'string'.

[7m30[0m       !origin.longitude ||
[7m  [0m [91m              ~~~~~~~~~[0m
[96msrc/route-calculator/route-calculator.controller.ts[0m:[93m31[0m:[93m20[0m - [91merror[0m[90m TS2339: 
[0mProperty 'latitude' does not exist on type 'string'.

[7m31[0m       !destination.latitude ||
[7m  [0m [91m                   ~~~~~~~~[0m
[96msrc/route-calculator/route-calculator.controller.ts[0m:[93m32[0m:[93m20[0m - [91merror[0m[90m TS2339: 
[0mProperty 'longitude' does not exist on type 'string'.

[7m32[0m       !destination.longitude
[7m  [0m [91m                   ~~~~~~~~~[0m
[96msrc/route-calculator/route-calculator.controller.ts[0m:[93m39[0m:[93m52[0m - [91merror[0m[90m TS2339: 
[0mProperty 'latitude' does not exist on type 'string'.

[7m39[0m     const originCoords: [number, number] = [origin.latitude, origin.longitude];
[7m  [0m [91m                                                   ~~~~~~~~[0m
[96msrc/route-calculator/route-calculator.controller.ts[0m:[93m39[0m:[93m69[0m - [91merror[0m[90m TS2339: 
[0mProperty 'longitude' does not exist on type 'string'.

[7m39[0m     const originCoords: [number, number] = [origin.latitude, origin.longitude];
[7m  [0m [91m                                                                    ~~~~~~~~~[0m
[96msrc/route-calculator/route-calculator.controller.ts[0m:[93m41[0m:[93m19[0m - [91merror[0m[90m TS2339: 
[0mProperty 'latitude' does not exist on type 'string'.

[7m41[0m       destination.latitude,
[7m  [0m [91m                  ~~~~~~~~[0m
[96msrc/route-calculator/route-calculator.controller.ts[0m:[93m42[0m:[93m19[0m - [91merror[0m[90m TS2339: 
[0mProperty 'longitude' does not exist on type 'string'.

[7m42[0m       destination.longitude,
[7m  [0m [91m                  ~~~~~~~~~[0m

